[www.circle.uchicago.edu/index.html]
[www.circle.uchicago.edu/xmlrpc.php]
[backblue.gif]
[fade.gif]
[index.html]
[d3qi0qp55mx5f5.cloudfront.net/shared-resources/fonts/768728/98F132FDFDA33624C.css]
[kit.fontawesome.com/dae0a873de.js]
[www.circle.uchicago.edu/wp-includes/css/dist/block-library/style.min9f31.css]
[www.circle.uchicago.edu/wp-content/mu-plugins/divi-builder-additional-modules-files/dwd-map-extended/public/css/dwd-map-extended-public6bc5.css]
[www.circle.uchicago.edu/index3184.html]
[www.circle.uchicago.edu/wp-content/themes/divi/style.dev9f31.css]
[www.circle.uchicago.edu/wp-content/themes/divi_uc_2/style1845.css]
[www.circle.uchicago.edu/comments/feed/index.html]
[www.circle.uchicago.edu/feed/index.html]
[www.circle.uchicago.edu/wp-content/mu-plugins/divi-builder-additional-modules-files/Divi-Blog-Extras/styles/style.min95b8.css]
[www.circle.uchicago.edu/wp-content/themes/divi/epanel/shortcodes/css/shortcodes_responsive1845.css]
[www.circle.uchicago.edu/wp-content/themes/divi/includes/builder/styles/magnific_popup1845.css]
[www.circle.uchicago.edu/wp-content/plugins/jetpack/css/jetpackab9f.css]
[www.circle.uchicago.edu/wp-includes/js/jquery/jquery-migrate.mind617.js]
[www.circle.uchicago.edu/wp-content/mu-plugins/divi-builder-additional-modules-files/Divi-Blog-Extras/scripts/frontend-bundle.min95b8.js]
[www.circle.uchicago.edu/wp-content/mu-plugins/divi-builder-additional-modules-files/Divi-Blog-Extras/scripts/widget.min95b8.js]
[www.circle.uchicago.edu/wp-json/wp/v2/pages/82.json]
[www.circle.uchicago.edu/wp-json/oembed/1.0/embedb56f.json]
[www.circle.uchicago.edu/wp-json/oembed/1.0/embed7545]
[www.circle.uchicago.edu/POST]
[www.circle.uchicago.edu/wp-content/themes/divi/core/admin/fonts/modules.ttf]
[cpb-us-w2.wpmucdn.com/voices.uchicago.edu/dist/7/2742/files/2020/08/cropped-bed_logo-32x32.png]
[cpb-us-w2.wpmucdn.com/voices.uchicago.edu/dist/7/2742/files/2020/08/cropped-bed_logo-192x192.png]
[cpb-us-w2.wpmucdn.com/voices.uchicago.edu/dist/7/2742/files/2020/08/cropped-bed_logo-180x180.png]
[cpb-us-w2.wpmucdn.com/voices.uchicago.edu/dist/7/2742/files/2020/08/circle_logo.png]
[cpb-us-w2.wpmucdn.com/voices.uchicago.edu/dist/7/2742/files/2020/08/nasa-140304_1920.jpg]
[cpb-us-w2.wpmucdn.com/voices.uchicago.edu/dist/7/2742/files/2020/08/puzzle-2500333_1920.jpg]
[cpb-us-w2.wpmucdn.com/voices.uchicago.edu/dist/7/2742/files/2020/08/announcement-3509489_1920.jpg]
[www.circle.uchicago.edu/about-us/index.html]
[www.circle.uchicago.edu/projects/index.html]
[cpb-us-w2.wpmucdn.com/voices.uchicago.edu/dist/7/2742/files/2020/12/the-new-york-times-logo-vert.png]
[www.circle.uchicago.edu/publications/index.html]
[www.circle.uchicago.edu/media/index.html]
[www.circle.uchicago.edu/contact-us/index.html]
[cpb-us-w2.wpmucdn.com/voices.uchicago.edu/dist/7/2742/files/2020/12/us-news-and-world-report-logo_0.png]
[www.circle.uchicago.edu/projects/siesta/index.html]
[cpb-us-w2.wpmucdn.com/voices.uchicago.edu/dist/7/2742/files/2020/12/HuffPost_logo.png]
[cpb-us-w2.wpmucdn.com/voices.uchicago.edu/dist/7/2742/files/2020/12/cnn_logo.png]
[cpb-us-w2.wpmucdn.com/voices.uchicago.edu/dist/7/2742/files/2020/12/WashPostStacked_New_600x.png]
[cpb-us-w2.wpmucdn.com/voices.uchicago.edu/dist/7/2742/files/2020/12/npr_logo.png]
[www.circle.uchicago.edu/wp-content/themes/divi/includes/builder/frontend-builder/build/frontend-builder-global-functions1845.js]
[www.circle.uchicago.edu/wp-content/themes/divi/includes/builder/scripts/ext/jquery.mobile.custom.min1845.js]
[www.circle.uchicago.edu/wp-content/themes/divi/includes/builder/frontend-builder/build/frontend-builder-scripts1845.js]
[www.circle.uchicago.edu/wp-content/themes/divi/includes/builder/scripts/ext/jquery.fitvids1845.js]
[www.circle.uchicago.edu/wp-content/themes/divi/includes/builder/scripts/ext/waypoints.min1845.js]
[www.circle.uchicago.edu/wp-content/themes/divi/includes/builder/scripts/ext/jquery.magnific-popup1845.js]
[www.circle.uchicago.edu/wp-content/themes/divi/core/admin/js/common1845.js]
[www.circle.uchicago.edu/wp-includes/js/wp-embed.min9f31.js]
[cpb-us-w2.wpmucdn.com/voices.uchicago.edu/dist/7/2742/files/2020/08/hospital-bed.jpg]
[www.circle.uchicago.edu/index.html]
[www.circle.uchicago.edu/xmlrpc.html]
[d3qi0qp55mx5f5.cloudfront.net/shared-resources/fonts/768728/98F132FDFDA33624C.css]
[voices.uchicago.edu/circlehealthcare/wp-content/plugins/formidable/images/ajax_loader.gif]
[www.circle.uchicago.edu/index3184.html]
[www.circle.uchicago.edu/wp-includes/css/dist/block-library/style.min9f31.css]
[www.circle.uchicago.edu/wp-content/mu-plugins/divi-builder-additional-modules-files/dwd-map-extended/public/css/dwd-map-extended-public6bc5.css]
[www.circle.uchicago.edu/wp-content/themes/divi/core/admin/fonts/modules.eot]
[www.circle.uchicago.edu/wp-content/themes/divi/core/admin/fonts/modulesd41d.eot]
[www.circle.uchicago.edu/wp-content/themes/divi/core/admin/fonts/modules.woff]
[www.circle.uchicago.edu/wp-content/themes/divi/includes/builder/styles/images/subscribe-loader.gif]
[www.circle.uchicago.edu/wp-content/themes/divi/includes/builder/styles/images/preloader.gif]
[www.circle.uchicago.edu/wp-content/themes/divi/epanel/shortcodes/images/shortcodes-sprite.png]
[www.circle.uchicago.edu/wp-content/themes/divi/style.dev9f31.css]
[www.circle.uchicago.edu/wp-content/themes/divi_uc_2/style1845.css]
[www.circle.uchicago.edu/wp-content/mu-plugins/divi-builder-additional-modules-files/Divi-Blog-Extras/styles/style.min95b8.css]
[www.circle.uchicago.edu/wp-content/themes/divi/epanel/shortcodes/css/shortcodes_responsive1845.css]
[www.circle.uchicago.edu/wp-content/themes/divi/includes/builder/styles/magnific_popup1845.css]
[www.circle.uchicago.edu/wp-content/plugins/jetpack/modules/carousel/images/arrows.png]
[www.circle.uchicago.edu/wp-content/plugins/jetpack/modules/carousel/images/arrows-2x.png]
[www.circle.uchicago.edu/wp-content/plugins/jetpack/modules/carousel/images/carousel-spritee4da.png]
[www.circle.uchicago.edu/wp-content/plugins/jetpack/modules/carousel/images/carousel-sprite-2xe4da.png]
[www.circle.uchicago.edu/wp-content/plugins/jetpack/modules/shortcodes/img/slideshow-controls.png]
[www.circle.uchicago.edu/wp-content/plugins/jetpack/modules/shortcodes/img/slideshow-controls-2x.png]
[www.circle.uchicago.edu/wp-content/plugins/jetpack/modules/shortcodes/images/slide-nav.png]
[www.circle.uchicago.edu/wp-content/plugins/jetpack/modules/shortcodes/images/expand.png]
[www.circle.uchicago.edu/wp-content/plugins/jetpack/modules/shortcodes/images/collapse.png]
[secure.gravatar.com/images/grav-share-sprite.png]
[www.circle.uchicago.edu/wp-content/plugins/jetpack/css/jetpackab9f.css]
[www.circle.uchicago.edu/wp-includes/js/jquery/jquery-migrate.mind617.js]
[www.circle.uchicago.edu/wp-content/mu-plugins/divi-builder-additional-modules-files/Divi-Blog-Extras/scripts/frontend-bundle.min95b8.js]
[www.circle.uchicago.edu/wp-content/mu-plugins/divi-builder-additional-modules-files/Divi-Blog-Extras/scripts/widget.min95b8.js]
[www.circle.uchicago.edu/POST.html]
[www.circle.uchicago.edu/wp-admin/admin-ajax.html]
[www.circle.uchicago.edu/xmlrpc0db0.php]
[www.circle.uchicago.edu/wp-json/index.html]
[www.circle.uchicago.edu/wp-json/wp/v2/pages/7.json]
[www.circle.uchicago.edu/wp-json/oembed/1.0/embed4e87.json]
[www.circle.uchicago.edu/wp-json/oembed/1.0/embedab5d]
[www.circle.uchicago.edu/about-us/POST]
[cpb-us-w2.wpmucdn.com/voices.uchicago.edu/dist/7/2742/files/2020/08/Nicola-Orlov-Headshot-Round.png]
[cpb-us-w2.wpmucdn.com/voices.uchicago.edu/dist/7/2742/files/2020/08/Jeanne-Farnan-Headshot-Round.png]
[cpb-us-w2.wpmucdn.com/voices.uchicago.edu/dist/7/2742/files/2020/08/Maylyn-Martinez-Headshot-Round.png]
[cpb-us-w2.wpmucdn.com/voices.uchicago.edu/dist/7/2742/files/2020/08/Rachel-Wolfson-Round.png]
[cpb-us-w2.wpmucdn.com/voices.uchicago.edu/dist/7/2742/files/2020/08/Swati-Goyal-Headshot-Round-300x300.png]
[cpb-us-w2.wpmucdn.com/voices.uchicago.edu/dist/7/2742/files/2020/08/Aviva-Klein-Headshot-Round-300x300.png]
[cpb-us-w2.wpmucdn.com/voices.uchicago.edu/dist/7/2742/files/2020/08/Maxx-Byron-Headshot-Round-300x300.png]
[cpb-us-w2.wpmucdn.com/voices.uchicago.edu/dist/7/2742/files/2020/08/Lisa-Mordell-Headshot-Round-300x300.png]
[cpb-us-w2.wpmucdn.com/voices.uchicago.edu/dist/7/2742/files/2020/08/Adrianna-Vera-Headshot-Round-300x300.png]
[cpb-us-w2.wpmucdn.com/voices.uchicago.edu/dist/7/2742/files/2020/08/Serena-Dhaon-Headshot-Round.png]
[cpb-us-w2.wpmucdn.com/voices.uchicago.edu/dist/7/2742/files/2020/08/She-Edwards-Round.png]
[cpb-us-w2.wpmucdn.com/voices.uchicago.edu/dist/7/2742/files/2020/08/Christianah-Ogunleye-Round.png]
[cpb-us-w2.wpmucdn.com/voices.uchicago.edu/dist/7/2742/files/2020/08/Jhonatan-Marte-Round.png]
[cpb-us-w2.wpmucdn.com/voices.uchicago.edu/dist/7/2742/files/2020/12/uchicago_seal.png]
[cpb-us-w2.wpmucdn.com/voices.uchicago.edu/dist/7/2742/files/2020/09/Christine-Mozer-Headshot-Round.png]
[cpb-us-w2.wpmucdn.com/voices.uchicago.edu/dist/7/2742/files/2020/09/Joseph-Riehm-Headshot-Round-300x300.png]
[cpb-us-w2.wpmucdn.com/voices.uchicago.edu/dist/7/2742/files/2020/08/Swetha-Tatineni-Headshot-Round-300x300.png]
[www.circle.uchicago.edu/about-us/index.html]
[www.circle.uchicago.edu/wp-json/wp/v2/pages/200.json]
[www.circle.uchicago.edu/wp-json/oembed/1.0/embede1ab.json]
[www.circle.uchicago.edu/wp-json/oembed/1.0/embed8e6f]
[www.circle.uchicago.edu/projects/POST]
[cpb-us-w2.wpmucdn.com/voices.uchicago.edu/dist/7/2742/files/2020/08/siesta-logo-300x82.png]
[cpb-us-w2.wpmucdn.com/voices.uchicago.edu/dist/7/2742/files/2020/08/isleep-logo-300x77.png]
[cpb-us-w2.wpmucdn.com/voices.uchicago.edu/dist/7/2742/files/2020/09/boost-logo-300x87.png]
[www.circle.uchicago.edu/projects/index.html]
[www.circle.uchicago.edu/projects/isleep/index.html]
[www.circle.uchicago.edu/wp-json/wp/v2/pages/416.json]
[www.circle.uchicago.edu/wp-json/oembed/1.0/embed25ba.json]
[www.circle.uchicago.edu/wp-json/oembed/1.0/embedbe1e]
[www.circle.uchicago.edu/publications/POST]
[cpb-us-w2.wpmucdn.com/voices.uchicago.edu/dist/7/2742/files/2020/08/shm-blog-logo-e1599406661124.png]
[cpb-us-w2.wpmucdn.com/voices.uchicago.edu/dist/7/2742/files/2020/08/shm-blog-logo-e1599406661124-300x44.png]
[cpb-us-w2.wpmucdn.com/voices.uchicago.edu/dist/7/2742/files/2020/09/microscope-275984_1920.jpg]
[cpb-us-w2.wpmucdn.com/voices.uchicago.edu/dist/7/2742/files/2020/10/imd-logo-130h.png]
[cpb-us-w2.wpmucdn.com/voices.uchicago.edu/dist/7/2742/files/2020/10/imd-logo-130h-300x36.png]
[cpb-us-w2.wpmucdn.com/voices.uchicago.edu/dist/7/2742/files/2020/12/PNAS-logo.png]
[cpb-us-w2.wpmucdn.com/voices.uchicago.edu/dist/7/2742/files/2020/12/PNAS-logo-300x72.png]
[cpb-us-w2.wpmucdn.com/voices.uchicago.edu/dist/7/2742/files/2020/12/pediatrics_logo.png]
[cpb-us-w2.wpmucdn.com/voices.uchicago.edu/dist/7/2742/files/2020/12/pediatrics_logo-300x47.png]
[cpb-us-w2.wpmucdn.com/voices.uchicago.edu/dist/7/2742/files/2020/08/kLJdAWVX_400x400-e1603425270441.jpg]
[cpb-us-w2.wpmucdn.com/voices.uchicago.edu/dist/7/2742/files/2020/08/kLJdAWVX_400x400-e1603425270441-300x90.jpg]
[cpb-us-w2.wpmucdn.com/voices.uchicago.edu/dist/7/2742/files/2020/10/queer1000-e1603426141373.jpg]
[cpb-us-w2.wpmucdn.com/voices.uchicago.edu/dist/7/2742/files/2020/10/queer1000-e1603426141373-300x71.jpg]
[cpb-us-w2.wpmucdn.com/voices.uchicago.edu/dist/7/2742/files/2020/08/child-3089972_1920.jpg]
[www.circle.uchicago.edu/publications/index.html]
[www.circle.uchicago.edu/wp-json/wp/v2/pages/466.json]
[www.circle.uchicago.edu/wp-json/oembed/1.0/embed20cc]
[www.circle.uchicago.edu/media/POST.ab.delayed]
[cpb-us-w2.wpmucdn.com/voices.uchicago.edu/dist/7/2742/files/2020/08/earth-2254769_1920.jpg]
[cpb-us-w2.wpmucdn.com/voices.uchicago.edu/dist/7/2742/files/2020/10/c1dea85c-823c-4f75-a816-e925df32a2791-e1603427539468.png]
[cpb-us-w2.wpmucdn.com/voices.uchicago.edu/dist/7/2742/files/2020/10/c1dea85c-823c-4f75-a816-e925df32a2791-e1603427539468-300x202.png]
[cpb-us-w2.wpmucdn.com/voices.uchicago.edu/dist/7/2742/files/2020/10/U_S__NEWS___WORLD_REPORT_LOGO1-300x73.jpg]
[cpb-us-w2.wpmucdn.com/voices.uchicago.edu/dist/7/2742/files/2020/10/hospital-logo1.png]
[cpb-us-w2.wpmucdn.com/voices.uchicago.edu/dist/7/2742/files/2020/10/hospital-logo1-300x71.png]
[cpb-us-w2.wpmucdn.com/voices.uchicago.edu/dist/7/2742/files/2020/10/logo1.jpg]
[cpb-us-w2.wpmucdn.com/voices.uchicago.edu/dist/7/2742/files/2020/10/logo1-300x68.jpg]
[cpb-us-w2.wpmucdn.com/voices.uchicago.edu/dist/7/2742/files/2020/10/mscp-logo1.png]
[cpb-us-w2.wpmucdn.com/voices.uchicago.edu/dist/7/2742/files/2020/10/mscp-logo1-300x69.png]
[cpb-us-w2.wpmucdn.com/voices.uchicago.edu/dist/7/2742/files/2020/10/forbes-logo-black-transparent1.png]
[cpb-us-w2.wpmucdn.com/voices.uchicago.edu/dist/7/2742/files/2020/10/forbes-logo-black-transparent1-300x78.png]
[www.circle.uchicago.edu/media/index.html]
[www.circle.uchicago.edu/wp-json/wp/v2/pages/485.json]
[www.circle.uchicago.edu/wp-json/oembed/1.0/embedd72e.json]
[www.circle.uchicago.edu/wp-json/oembed/1.0/embedecdc]
[www.circle.uchicago.edu/contact-us/POST]
[www.circle.uchicago.edu/contact-us/index.html]
[www.circle.uchicago.edu/wp-json/wp/v2/pages/301.json]
[www.circle.uchicago.edu/wp-json/oembed/1.0/embedcd9d.json]
[www.circle.uchicago.edu/wp-json/oembed/1.0/embedde21]
[www.circle.uchicago.edu/projects/siesta/POST]
[www.circle.uchicago.edu/projects/siesta/index.html]
[www.circle.uchicago.edu/wp-content/themes/divi_uc_2/images/uchicago_wordmark_rev.svg]
[www.circle.uchicago.edu/wp-content/themes/divi/includes/builder/frontend-builder/build/frontend-builder-global-functions1845.js]
[www.circle.uchicago.edu/wp-content/themes/divi/includes/builder/scripts/ext/jquery.mobile.custom.min1845.js]
[www.circle.uchicago.edu/wp-content/themes/divi/includes/builder/frontend-builder/build/frontend-builder-scripts1845.js]
[www.circle.uchicago.edu/wp-content/themes/divi/includes/builder/scripts/ext/jquery.fitvids1845.js]
[www.circle.uchicago.edu/wp-content/themes/divi/includes/builder/scripts/ext/waypoints.min1845.js]
[www.circle.uchicago.edu/wp-content/themes/divi/includes/builder/scripts/ext/jquery.magnific-popup1845.js]
[www.circle.uchicago.edu/wp-content/themes/divi/core/admin/js/common1845.js]
[www.circle.uchicago.edu/wp-includes/js/wp-embed.min9f31.js]
[www.circle.uchicago.edu/wp-content/themes/divi/core/admin/fonts/modules.svg]
[www.circle.uchicago.edu/wp-content/themes/divi_uc/images/uchicago_shield.svg]
[www.circle.uchicago.edu/wp-content/themes/divi/js/custom1845.js]
[www.circle.uchicago.edu/xmlrpc0db0.php]
[www.circle.uchicago.edu/indexc4f7.html]
[www.circle.uchicago.edu/about-us/POST.html]
[www.circle.uchicago.edu/wp-includes/js/jquery/jquery.min9d52.js]
[www.circle.uchicago.edu/indexdc0d.html]
[www.circle.uchicago.edu/projects/POST.html]
[www.circle.uchicago.edu/wp-content/plugins/jetpack/_inc/build/twitter-timeline.mincce7.js]
[www.circle.uchicago.edu/wp-json/wp/v2/pages/332.json]
[cpb-us-w2.wpmucdn.com/voices.uchicago.edu/dist/7/2742/files/2020/08/Vineet-Arora-Headshot-Round-300x300.png]
[www.circle.uchicago.edu/wp-json/oembed/1.0/embed0818]
[www.circle.uchicago.edu/projects/isleep/POST.d0.delayed]
[www.circle.uchicago.edu/projects/isleep/index.html]
[www.circle.uchicago.edu/index5750.html]
[www.circle.uchicago.edu/publications/POST.html]
[www.circle.uchicago.edu/media/POST.html]
[www.circle.uchicago.edu/indexca96.html]
[www.circle.uchicago.edu/contact-us/POST.html]
[www.circle.uchicago.edu/index8a7d.html]
[www.circle.uchicago.edu/projects/siesta/POST.html]
[www.circle.uchicago.edu/files/2020/08/work-5382501_1920.jpg]
[cpb-us-w2.wpmucdn.com/voices.uchicago.edu/dist/7/2742/files/2020/08/IMPACT-logo-with-name-300x300.png]
[www.circle.uchicago.edu/includes/builder/node_modules/lodash/_hashClear.d3.delayed]
[www.circle.uchicago.edu/includes/builder/node_modules/lodash/_hashDelete.js]
[www.circle.uchicago.edu/includes/builder/node_modules/lodash/_hashGet.js]
[www.circle.uchicago.edu/includes/builder/node_modules/lodash/_hashHas.js]
[www.circle.uchicago.edu/includes/builder/node_modules/lodash/_hashSet.js]
[www.circle.uchicago.edu/includes/builder/node_modules/lodash/_listCacheClear.js]
[www.circle.uchicago.edu/includes/builder/node_modules/lodash/_listCacheDelete.js]
[www.circle.uchicago.edu/includes/builder/node_modules/lodash/_listCacheGet.js]
[www.circle.uchicago.edu/includes/builder/node_modules/lodash/_listCacheHas.js]
[www.circle.uchicago.edu/includes/builder/node_modules/lodash/_listCacheSet.js]
[www.circle.uchicago.edu/includes/builder/node_modules/lodash/_getNative.js]
[www.circle.uchicago.edu/includes/builder/node_modules/lodash/_root.js]
[www.circle.uchicago.edu/includes/builder/node_modules/lodash/_mapCacheClear.js]
[www.circle.uchicago.edu/includes/builder/node_modules/lodash/_mapCacheDelete.js]
[www.circle.uchicago.edu/includes/builder/node_modules/lodash/_mapCacheGet.js]
[www.circle.uchicago.edu/includes/builder/node_modules/lodash/_mapCacheHas.js]
[www.circle.uchicago.edu/includes/builder/node_modules/lodash/_mapCacheSet.js]
[www.circle.uchicago.edu/includes/builder/node_modules/lodash/_baseTimes.js]
[www.circle.uchicago.edu/includes/builder/node_modules/lodash/isArguments.js]
[www.circle.uchicago.edu/includes/builder/node_modules/lodash/isArray.js]
[www.circle.uchicago.edu/includes/builder/node_modules/lodash/isBuffer.js]
[www.circle.uchicago.edu/includes/builder/node_modules/lodash/_isIndex.js]
[www.circle.uchicago.edu/includes/builder/node_modules/lodash/isTypedArray.js]
[www.circle.uchicago.edu/includes/builder/node_modules/lodash/eq.js]
[www.circle.uchicago.edu/includes/builder/node_modules/lodash/_castPath.js]
[www.circle.uchicago.edu/includes/builder/node_modules/lodash/_toKey.js]
[www.circle.uchicago.edu/includes/builder/node_modules/lodash/_Symbol.js]
[www.circle.uchicago.edu/includes/builder/node_modules/lodash/_getRawTag.js]
[www.circle.uchicago.edu/includes/builder/node_modules/lodash/_objectToString.js]
[www.circle.uchicago.edu/includes/builder/node_modules/lodash/_baseFindIndex.js]
[www.circle.uchicago.edu/includes/builder/node_modules/lodash/_baseIsNaN.js]
[www.circle.uchicago.edu/includes/builder/node_modules/lodash/_strictIndexOf.js]
[www.circle.uchicago.edu/includes/builder/node_modules/lodash/_baseGetTag.js]
[www.circle.uchicago.edu/includes/builder/node_modules/lodash/isObjectLike.js]
[www.circle.uchicago.edu/includes/builder/node_modules/lodash/isFunction.js]
[www.circle.uchicago.edu/includes/builder/node_modules/lodash/_isMasked.js]
[www.circle.uchicago.edu/includes/builder/node_modules/lodash/isObject.js]
[www.circle.uchicago.edu/includes/builder/node_modules/lodash/_toSource.js]
[www.circle.uchicago.edu/includes/builder/node_modules/lodash/isLength.js]
[www.circle.uchicago.edu/includes/builder/node_modules/lodash/_isPrototype.js]
[www.circle.uchicago.edu/includes/builder/node_modules/lodash/_nativeKeys.js]
[www.circle.uchicago.edu/includes/builder/node_modules/lodash/_arrayMap.js]
[www.circle.uchicago.edu/includes/builder/node_modules/lodash/isSymbol.js]
[www.circle.uchicago.edu/includes/builder/node_modules/lodash/_isKey.js]
[www.circle.uchicago.edu/includes/builder/node_modules/lodash/_stringToPath.js]
[www.circle.uchicago.edu/includes/builder/node_modules/lodash/toString.js]
[www.circle.uchicago.edu/node_modules/webpack/buildin/global.js]
[www.circle.uchicago.edu/includes/builder/node_modules/lodash/_isKeyable.js]
[www.circle.uchicago.edu/includes/builder/node_modules/lodash/_baseIsNative.js]
[www.circle.uchicago.edu/includes/builder/node_modules/lodash/_getValue.js]
[www.circle.uchicago.edu/includes/builder/node_modules/lodash/_nativeCreate.js]
[www.circle.uchicago.edu/includes/builder/node_modules/lodash/_baseGet.js]
[www.circle.uchicago.edu/includes/builder/node_modules/lodash/_baseIndexOf.js]
[www.circle.uchicago.edu/includes/builder/node_modules/lodash/isArrayLike.js]
[www.circle.uchicago.edu/includes/builder/node_modules/lodash/isString.js]
[www.circle.uchicago.edu/includes/builder/node_modules/lodash/toInteger.js]
[www.circle.uchicago.edu/includes/builder/node_modules/lodash/values.js]
[www.circle.uchicago.edu/includes/builder/node_modules/lodash/_baseIsArguments.js]
[www.circle.uchicago.edu/includes/builder/node_modules/lodash/stubFalse.js]
[www.circle.uchicago.edu/node_modules/webpack/buildin/module.js]
[www.circle.uchicago.edu/includes/builder/node_modules/lodash/_baseIsTypedArray.js]
[www.circle.uchicago.edu/includes/builder/node_modules/lodash/_baseUnary.js]
[www.circle.uchicago.edu/includes/builder/node_modules/lodash/_nodeUtil.js]
[www.circle.uchicago.edu/includes/builder/node_modules/lodash/_arrayLikeKeys.js]
[www.circle.uchicago.edu/includes/builder/node_modules/lodash/_baseKeys.js]
[www.circle.uchicago.edu/includes/builder/node_modules/lodash/_MapCache.js]
[www.circle.uchicago.edu/includes/builder/node_modules/lodash/toNumber.js]
[www.circle.uchicago.edu/includes/builder/node_modules/lodash/toFinite.js]
[www.circle.uchicago.edu/includes/builder/node_modules/lodash/_baseToString.js]
[www.circle.uchicago.edu/includes/builder/node_modules/lodash/_baseValues.js]
[www.circle.uchicago.edu/includes/builder/node_modules/lodash/keys.js]
[www.circle.uchicago.edu/includes/builder/node_modules/lodash/includes.js]
[www.circle.uchicago.edu/includes/builder/node_modules/lodash/get.js]
[www.circle.uchicago.edu/core/admin/js/frame-helpers.js]
[www.circle.uchicago.edu/includes/builder/scripts/utils/utils.js]
[www.circle.uchicago.edu/wp-content/themes/divi/js/custom1845.js]
[www.circle.uchicago.edu/wp-content/plugins/jetpack/_inc/build/twitter-timeline.mincce7.js]
[www.circle.uchicago.edu/wp-includes/js/jquery/jquery.min9d52.js]
[www.circle.uchicago.edu/index221f.html]
[www.circle.uchicago.edu/projects/isleep/POST.html]
[www.circle.uchicago.edu/index2905.html]
[www.circle.uchicago.edu/wp-json/oembed/1.0/embedc1b0]
[www.circle.uchicago.edu/wp-json/oembed/1.0/embed8c1e]
[www.circle.uchicago.edu/includes/builder/node_modules/lodash/_hashClear.html]
[www.circle.uchicago.edu/includes/builder/node_modules/lodash/_hashDelete.html]
[www.circle.uchicago.edu/includes/builder/node_modules/lodash/_hashGet.html]
[www.circle.uchicago.edu/includes/builder/node_modules/lodash/_hashHas.html]
[www.circle.uchicago.edu/includes/builder/node_modules/lodash/_hashSet.html]
[www.circle.uchicago.edu/includes/builder/node_modules/lodash/_listCacheClear.html]
[www.circle.uchicago.edu/includes/builder/node_modules/lodash/_listCacheDelete.html]
[www.circle.uchicago.edu/includes/builder/node_modules/lodash/_listCacheGet.html]
[www.circle.uchicago.edu/includes/builder/node_modules/lodash/_listCacheHas.html]
[www.circle.uchicago.edu/includes/builder/node_modules/lodash/_listCacheSet.html]
[www.circle.uchicago.edu/includes/builder/node_modules/lodash/_getNative.html]
[www.circle.uchicago.edu/includes/builder/node_modules/lodash/_root.html]
[www.circle.uchicago.edu/includes/builder/node_modules/lodash/_mapCacheClear.html]
[www.circle.uchicago.edu/includes/builder/node_modules/lodash/_mapCacheDelete.html]
[www.circle.uchicago.edu/includes/builder/node_modules/lodash/_mapCacheGet.html]
[www.circle.uchicago.edu/includes/builder/node_modules/lodash/_mapCacheHas.html]
[www.circle.uchicago.edu/includes/builder/node_modules/lodash/_mapCacheSet.html]
[www.circle.uchicago.edu/includes/builder/node_modules/lodash/_baseTimes.html]
[www.circle.uchicago.edu/includes/builder/node_modules/lodash/isArguments.html]
[www.circle.uchicago.edu/includes/builder/node_modules/lodash/isArray.html]
[www.circle.uchicago.edu/includes/builder/node_modules/lodash/isBuffer.html]
[www.circle.uchicago.edu/includes/builder/node_modules/lodash/_isIndex.html]
[www.circle.uchicago.edu/includes/builder/node_modules/lodash/isTypedArray.html]
[www.circle.uchicago.edu/includes/builder/node_modules/lodash/eq.html]
[www.circle.uchicago.edu/includes/builder/node_modules/lodash/_castPath.html]
[www.circle.uchicago.edu/includes/builder/node_modules/lodash/_toKey.html]
[www.circle.uchicago.edu/includes/builder/node_modules/lodash/_Symbol.html]
[www.circle.uchicago.edu/includes/builder/node_modules/lodash/_getRawTag.html]
[www.circle.uchicago.edu/includes/builder/node_modules/lodash/_objectToString.html]
[www.circle.uchicago.edu/includes/builder/node_modules/lodash/_baseFindIndex.html]
[www.circle.uchicago.edu/includes/builder/node_modules/lodash/_baseIsNaN.html]
[www.circle.uchicago.edu/includes/builder/node_modules/lodash/_strictIndexOf.html]
[www.circle.uchicago.edu/includes/builder/node_modules/lodash/_baseGetTag.html]
[www.circle.uchicago.edu/includes/builder/node_modules/lodash/isObjectLike.html]
[www.circle.uchicago.edu/includes/builder/node_modules/lodash/isFunction.html]
[www.circle.uchicago.edu/includes/builder/node_modules/lodash/_isMasked.html]
[www.circle.uchicago.edu/includes/builder/node_modules/lodash/isObject.html]
[www.circle.uchicago.edu/includes/builder/node_modules/lodash/_toSource.html]
[www.circle.uchicago.edu/includes/builder/node_modules/lodash/isLength.html]
[www.circle.uchicago.edu/includes/builder/node_modules/lodash/_isPrototype.html]
[www.circle.uchicago.edu/includes/builder/node_modules/lodash/_nativeKeys.html]
[www.circle.uchicago.edu/includes/builder/node_modules/lodash/_arrayMap.html]
[www.circle.uchicago.edu/includes/builder/node_modules/lodash/isSymbol.html]
[www.circle.uchicago.edu/includes/builder/node_modules/lodash/_isKey.html]
[www.circle.uchicago.edu/includes/builder/node_modules/lodash/_stringToPath.html]
[www.circle.uchicago.edu/includes/builder/node_modules/lodash/toString.html]
[www.circle.uchicago.edu/node_modules/webpack/buildin/global.html]
[www.circle.uchicago.edu/includes/builder/node_modules/lodash/_isKeyable.html]
[www.circle.uchicago.edu/includes/builder/node_modules/lodash/_baseIsNative.html]
[www.circle.uchicago.edu/includes/builder/node_modules/lodash/_getValue.html]
[www.circle.uchicago.edu/includes/builder/node_modules/lodash/_nativeCreate.html]
[www.circle.uchicago.edu/includes/builder/node_modules/lodash/_baseGet.html]
[www.circle.uchicago.edu/includes/builder/node_modules/lodash/_baseIndexOf.html]
[www.circle.uchicago.edu/includes/builder/node_modules/lodash/isArrayLike.html]
[www.circle.uchicago.edu/includes/builder/node_modules/lodash/isString.html]
[www.circle.uchicago.edu/includes/builder/node_modules/lodash/toInteger.html]
[www.circle.uchicago.edu/includes/builder/node_modules/lodash/values.html]
[www.circle.uchicago.edu/includes/builder/node_modules/lodash/_baseIsArguments.html]
[www.circle.uchicago.edu/includes/builder/node_modules/lodash/stubFalse.html]
[www.circle.uchicago.edu/node_modules/webpack/buildin/module.html]
[www.circle.uchicago.edu/includes/builder/node_modules/lodash/_baseIsTypedArray.html]
[www.circle.uchicago.edu/includes/builder/node_modules/lodash/_baseUnary.html]
[www.circle.uchicago.edu/includes/builder/node_modules/lodash/_nodeUtil.html]
[www.circle.uchicago.edu/includes/builder/node_modules/lodash/_arrayLikeKeys.html]
[www.circle.uchicago.edu/includes/builder/node_modules/lodash/_baseKeys.html]
[www.circle.uchicago.edu/includes/builder/node_modules/lodash/_MapCache.html]
[www.circle.uchicago.edu/includes/builder/node_modules/lodash/toNumber.html]
[www.circle.uchicago.edu/includes/builder/node_modules/lodash/toFinite.html]
[www.circle.uchicago.edu/includes/builder/node_modules/lodash/_baseToString.html]
[www.circle.uchicago.edu/includes/builder/node_modules/lodash/_baseValues.html]
[www.circle.uchicago.edu/includes/builder/node_modules/lodash/keys.html]
[www.circle.uchicago.edu/includes/builder/node_modules/lodash/includes.html]
[www.circle.uchicago.edu/includes/builder/node_modules/lodash/get.html]
[www.circle.uchicago.edu/core/admin/js/frame-helpers.html]
[www.circle.uchicago.edu/includes/builder/scripts/utils/utils.html]
[www.circle.uchicago.edu/js/src/custom.js]
[www.circle.uchicago.edu/files/2020/08/Amanda-Calipo-Headshot-Round-300x300.png]
[www.circle.uchicago.edu/files/2020/10/U_S__NEWS___WORLD_REPORT_LOGO1.jpg]
[www.circle.uchicago.edu/js/src/custom.js]
[www.circle.uchicago.edu/files/2020/09/ignite-logo-300x167.png]
