[www.circle.uchicago.edu/index.html]
[www.circle.uchicago.edu/xmlrpc.php]
[backblue.gif]
[fade.gif]
[index.html]
[www.circle.uchicago.edu/xmlrpc0db0.php]
[kit.fontawesome.com/dae0a873de.js]
[www.circle.uchicago.edu/POST]
[www.circle.uchicago.edu/index3184.html]
[www.circle.uchicago.edu/feed/index.html]
[www.circle.uchicago.edu/comments/feed/index.html]
[www.circle.uchicago.edu/wp-json/index.html]
[voices.uchicago.edu/circlehealthcare/wp-includes/wlwmanifest.xml]
[www.circle.uchicago.edu/wp-json/oembed/1.0/embed7545]
[www.circle.uchicago.edu/wp-json/oembed/1.0/embedb56f.json]
[cpb-us-w2.wpmucdn.com/voices.uchicago.edu/dist/7/2742/files/2020/08/cropped-bed_logo-32x32.png]
[cpb-us-w2.wpmucdn.com/voices.uchicago.edu/dist/7/2742/files/2020/08/cropped-bed_logo-192x192.png]
[www.circle.uchicago.edu/projects/index.html]
[www.circle.uchicago.edu/publications/index.html]
[www.circle.uchicago.edu/media/index.html]
[www.circle.uchicago.edu/about-us/index.html]
[cpb-us-w2.wpmucdn.com/voices.uchicago.edu/dist/7/2742/files/2020/08/announcement-3509489_1920.jpg]
[www.circle.uchicago.edu/contact-us/index.html]
[www.circle.uchicago.edu/projects/siesta/index.html]
[cpb-us-w2.wpmucdn.com/voices.uchicago.edu/dist/7/2742/files/2020/08/puzzle-2500333_1920.jpg]
[cpb-us-w2.wpmucdn.com/voices.uchicago.edu/dist/7/2742/files/2020/08/nasa-140304_1920.jpg]
[cpb-us-w2.wpmucdn.com/voices.uchicago.edu/dist/7/2742/files/2020/12/the-new-york-times-logo-vert.png]
[cpb-us-w2.wpmucdn.com/voices.uchicago.edu/dist/7/2742/files/2020/12/us-news-and-world-report-logo_0.png]
[www.circle.uchicago.edu/wp-includes/css/dist/block-library/style.min4999.css]
[cpb-us-w2.wpmucdn.com/voices.uchicago.edu/dist/7/2742/files/2020/12/HuffPost_logo.png]
[cpb-us-w2.wpmucdn.com/voices.uchicago.edu/dist/7/2742/files/2020/12/WashPostStacked_New_600x.png]
[www.circle.uchicago.edu/wp-content/themes/divi/core/admin/js/common892f.js]
[www.circle.uchicago.edu/wp-includes/js/wp-embed.min4999.js]
[cpb-us-w2.wpmucdn.com/voices.uchicago.edu/dist/7/2742/files/2020/12/cnn_logo.png]
[cpb-us-w2.wpmucdn.com/voices.uchicago.edu/dist/7/2742/files/2020/12/npr_logo.png]
[www.circle.uchicago.edu/index.html]
[www.circle.uchicago.edu/xmlrpc.html]
[d3qi0qp55mx5f5.cloudfront.net/shared-resources/fonts/768728/98F132FDFDA33624C.css]
[fonts.gstatic.com/index.html]
[us-west-2.files.campus.edublogs.org.s3.amazonaws.com/index.html]
[www.circle.uchicago.edu/index3184.html]
[www.circle.uchicago.edu/wp-content/mu-plugins/divi-builder-additional-modules-files/dwd-map-extended/public/css/dwd-map-extended-public6bc5.css]
[www.circle.uchicago.edu/wp-content/mu-plugins/divi-builder-additional-modules-files/Divi-Blog-Extras/styles/style.min95b8.css]
[www.circle.uchicago.edu/wp-content/themes/divi_uc_2/style001e.css]
[voices.uchicago.edu/circlehealthcare/wp-content/plugins/formidable/images/ajax_loader.gif]
[www.circle.uchicago.edu/wp-content/plugins/jetpack/css/jetpackab9f.css]
[www.circle.uchicago.edu/wp-content/mu-plugins/divi-builder-additional-modules-files/Divi-Blog-Extras/scripts/frontend-bundle.min95b8.js]
[www.circle.uchicago.edu/wp-content/plugins/jetpack/modules/carousel/images/arrows.png]
[www.circle.uchicago.edu/wp-content/plugins/jetpack/modules/carousel/images/arrows-2x.png]
[www.circle.uchicago.edu/wp-content/mu-plugins/divi-builder-additional-modules-files/Divi-Blog-Extras/scripts/widget.min95b8.js]
[cpb-us-w2.wpmucdn.com/voices.uchicago.edu/dist/7/2742/files/2020/08/hospital-bed.jpg]
[www.circle.uchicago.edu/wp-content/plugins/jetpack/modules/carousel/images/carousel-sprite-2xe4da.png]
[www.circle.uchicago.edu/wp-content/plugins/jetpack/modules/shortcodes/images/slide-nav.png]
[www.circle.uchicago.edu/wp-content/plugins/jetpack/modules/shortcodes/images/expand.png]
[www.circle.uchicago.edu/xmlrpc0db0.html]
[www.circle.uchicago.edu/POST.html]
[www.circle.uchicago.edu/wp-admin/admin-ajax.html]
[secure.gravatar.com/images/grav-share-sprite.png]
[www.circle.uchicago.edu/wp-content/plugins/jetpack/modules/shortcodes/images/collapse.png]
[www.circle.uchicago.edu/wp-json/wp/v2/pages/7.json]
[www.circle.uchicago.edu/about-us/POST.45.delayed]
[cpb-us-w2.wpmucdn.com/voices.uchicago.edu/dist/7/2742/files/2020/08/Vineet-Arora-Headshot-Round-300x300.png]
[www.circle.uchicago.edu/wp-json/oembed/1.0/embed4e87.json]
[www.circle.uchicago.edu/wp-json/oembed/1.0/embedab5d]
[cpb-us-w2.wpmucdn.com/voices.uchicago.edu/dist/7/2742/files/2020/08/Jeanne-Farnan-Headshot-Round.png]
[cpb-us-w2.wpmucdn.com/voices.uchicago.edu/dist/7/2742/files/2020/08/Nicola-Orlov-Headshot-Round.png]
[cpb-us-w2.wpmucdn.com/voices.uchicago.edu/dist/7/2742/files/2020/08/Maylyn-Martinez-Headshot-Round.png]
[cpb-us-w2.wpmucdn.com/voices.uchicago.edu/dist/7/2742/files/2020/08/Rachel-Wolfson-Round.png]
[cpb-us-w2.wpmucdn.com/voices.uchicago.edu/dist/7/2742/files/2020/08/Aviva-Klein-Headshot-Round-300x300.png]
[cpb-us-w2.wpmucdn.com/voices.uchicago.edu/dist/7/2742/files/2020/08/Swati-Goyal-Headshot-Round-300x300.png]
[cpb-us-w2.wpmucdn.com/voices.uchicago.edu/dist/7/2742/files/2020/08/Maxx-Byron-Headshot-Round-300x300.png]
[cpb-us-w2.wpmucdn.com/voices.uchicago.edu/dist/7/2742/files/2020/08/Lisa-Mordell-Headshot-Round-300x300.png]
[cpb-us-w2.wpmucdn.com/voices.uchicago.edu/dist/7/2742/files/2020/08/Adrianna-Vera-Headshot-Round-300x300.png]
[cpb-us-w2.wpmucdn.com/voices.uchicago.edu/dist/7/2742/files/2020/08/Serena-Dhaon-Headshot-Round.png]
[cpb-us-w2.wpmucdn.com/voices.uchicago.edu/dist/7/2742/files/2020/08/Amanda-Calipo-Headshot-Round-300x300.png]
[cpb-us-w2.wpmucdn.com/voices.uchicago.edu/dist/7/2742/files/2020/08/She-Edwards-Round.png]
[cpb-us-w2.wpmucdn.com/voices.uchicago.edu/dist/7/2742/files/2020/08/Christianah-Ogunleye-Round.png]
[cpb-us-w2.wpmucdn.com/voices.uchicago.edu/dist/7/2742/files/2020/08/Jhonatan-Marte-Round.png]
[cpb-us-w2.wpmucdn.com/voices.uchicago.edu/dist/7/2742/files/2020/12/uchicago_seal.png]
[www.circle.uchicago.edu/about-us/index.html]
[cpb-us-w2.wpmucdn.com/voices.uchicago.edu/dist/7/2742/files/2020/09/Christine-Mozer-Headshot-Round.png]
[cpb-us-w2.wpmucdn.com/voices.uchicago.edu/dist/7/2742/files/2020/09/Joseph-Riehm-Headshot-Round-300x300.png]
[cpb-us-w2.wpmucdn.com/voices.uchicago.edu/dist/7/2742/files/2020/08/Swetha-Tatineni-Headshot-Round-300x300.png]
[www.circle.uchicago.edu/projects/POST]
[www.circle.uchicago.edu/wp-json/wp/v2/pages/200.json]
[www.circle.uchicago.edu/wp-json/oembed/1.0/embed8e6f]
[www.circle.uchicago.edu/wp-json/oembed/1.0/embede1ab.json]
[cpb-us-w2.wpmucdn.com/voices.uchicago.edu/dist/7/2742/files/2020/08/siesta-logo-300x82.png]
[cpb-us-w2.wpmucdn.com/voices.uchicago.edu/dist/7/2742/files/2020/08/isleep-logo-300x77.png]
[www.circle.uchicago.edu/projects/isleep/index.html]
[www.circle.uchicago.edu/projects/index.html]
[cpb-us-w2.wpmucdn.com/voices.uchicago.edu/dist/7/2742/files/2020/09/boost-logo-300x87.png]
[cpb-us-w2.wpmucdn.com/voices.uchicago.edu/dist/7/2742/files/2020/09/ignite-logo-300x167.png]
[cpb-us-w2.wpmucdn.com/voices.uchicago.edu/dist/7/2742/files/2020/08/IMPACT-logo-with-name-300x300.png]
[www.circle.uchicago.edu/publications/POST]
[www.circle.uchicago.edu/wp-json/wp/v2/pages/416.json]
[www.circle.uchicago.edu/wp-json/oembed/1.0/embed25ba.json]
[www.circle.uchicago.edu/wp-json/oembed/1.0/embedbe1e]
[cpb-us-w2.wpmucdn.com/voices.uchicago.edu/dist/7/2742/files/2020/08/shm-blog-logo-e1599406661124.png]
[cpb-us-w2.wpmucdn.com/voices.uchicago.edu/dist/7/2742/files/2020/08/shm-blog-logo-e1599406661124-300x44.png]
[cpb-us-w2.wpmucdn.com/voices.uchicago.edu/dist/7/2742/files/2020/09/microscope-275984_1920.jpg]
[cpb-us-w2.wpmucdn.com/voices.uchicago.edu/dist/7/2742/files/2020/10/imd-logo-130h.png]
[cpb-us-w2.wpmucdn.com/voices.uchicago.edu/dist/7/2742/files/2020/10/imd-logo-130h-300x36.png]
[cpb-us-w2.wpmucdn.com/voices.uchicago.edu/dist/7/2742/files/2020/12/PNAS-logo-300x72.png]
[cpb-us-w2.wpmucdn.com/voices.uchicago.edu/dist/7/2742/files/2020/12/pediatrics_logo.png]
[cpb-us-w2.wpmucdn.com/voices.uchicago.edu/dist/7/2742/files/2020/12/pediatrics_logo-300x47.png]
[cpb-us-w2.wpmucdn.com/voices.uchicago.edu/dist/7/2742/files/2020/08/kLJdAWVX_400x400-e1603425270441.jpg]
[www.circle.uchicago.edu/publications/index.html]
[cpb-us-w2.wpmucdn.com/voices.uchicago.edu/dist/7/2742/files/2020/10/queer1000-e1603426141373.jpg]
[cpb-us-w2.wpmucdn.com/voices.uchicago.edu/dist/7/2742/files/2020/10/queer1000-e1603426141373-300x71.jpg]
[cpb-us-w2.wpmucdn.com/voices.uchicago.edu/dist/7/2742/files/2020/08/kLJdAWVX_400x400-e1603425270441-300x90.jpg]
[cpb-us-w2.wpmucdn.com/voices.uchicago.edu/dist/7/2742/files/2020/08/child-3089972_1920.jpg]
[www.circle.uchicago.edu/media/POST.a1.delayed]
[www.circle.uchicago.edu/wp-json/wp/v2/pages/466.json]
[www.circle.uchicago.edu/wp-json/oembed/1.0/embed8c1e.json]
[www.circle.uchicago.edu/wp-json/oembed/1.0/embed20cc]
[cpb-us-w2.wpmucdn.com/voices.uchicago.edu/dist/7/2742/files/2020/08/earth-2254769_1920.jpg]
[cpb-us-w2.wpmucdn.com/voices.uchicago.edu/dist/7/2742/files/2020/10/c1dea85c-823c-4f75-a816-e925df32a2791-e1603427539468.png]
[cpb-us-w2.wpmucdn.com/voices.uchicago.edu/dist/7/2742/files/2020/10/c1dea85c-823c-4f75-a816-e925df32a2791-e1603427539468-300x202.png]
[cpb-us-w2.wpmucdn.com/voices.uchicago.edu/dist/7/2742/files/2020/10/U_S__NEWS___WORLD_REPORT_LOGO1.jpg]
[cpb-us-w2.wpmucdn.com/voices.uchicago.edu/dist/7/2742/files/2020/10/U_S__NEWS___WORLD_REPORT_LOGO1-300x73.jpg]
[cpb-us-w2.wpmucdn.com/voices.uchicago.edu/dist/7/2742/files/2020/10/hospital-logo1.png]
[cpb-us-w2.wpmucdn.com/voices.uchicago.edu/dist/7/2742/files/2020/10/hospital-logo1-300x71.png]
[cpb-us-w2.wpmucdn.com/voices.uchicago.edu/dist/7/2742/files/2020/10/logo1.jpg]
[cpb-us-w2.wpmucdn.com/voices.uchicago.edu/dist/7/2742/files/2020/10/logo1-300x68.jpg]
[cpb-us-w2.wpmucdn.com/voices.uchicago.edu/dist/7/2742/files/2020/10/mscp-logo1.png]
[cpb-us-w2.wpmucdn.com/voices.uchicago.edu/dist/7/2742/files/2020/10/mscp-logo1-300x69.png]
[www.circle.uchicago.edu/media/index.html]
[www.circle.uchicago.edu/wp-json/wp/v2/pages/485.json]
[cpb-us-w2.wpmucdn.com/voices.uchicago.edu/dist/7/2742/files/2020/10/forbes-logo-black-transparent1-300x78.png]
[www.circle.uchicago.edu/wp-json/oembed/1.0/embedd72e.json]
[www.circle.uchicago.edu/wp-json/oembed/1.0/embedecdc]
[www.circle.uchicago.edu/contact-us/POST.be.delayed]
[www.circle.uchicago.edu/contact-us/index.html]
[www.circle.uchicago.edu/projects/siesta/POST]
[www.circle.uchicago.edu/projects/siesta/index.html]
[www.circle.uchicago.edu/wp-json/wp/v2/pages/301.json]
[www.circle.uchicago.edu/wp-json/oembed/1.0/embedcd9d.json]
[www.circle.uchicago.edu/wp-content/themes/divi_uc_2/images/uchicago_wordmark_rev.svg]
[www.circle.uchicago.edu/wp-includes/css/dist/block-library/style.min4999.css]
[www.circle.uchicago.edu/wp-includes/js/jquery/jquery.min9d52.js]
[www.circle.uchicago.edu/wp-includes/js/jquery/jquery-migrate.mind617.js]
[www.circle.uchicago.edu/wp-content/themes/divi/js/scripts.min00f2.js]
[www.circle.uchicago.edu/wp-content/themes/divi/core/admin/js/common892f.js]
[www.circle.uchicago.edu/wp-includes/js/wp-embed.min4999.js]
[www.circle.uchicago.edu/wp-json/oembed/1.0/embedde21]
[www.circle.uchicago.edu/wp-content/themes/divi/includes/builder/images/subscribe-loader.c9.delayed]
[www.circle.uchicago.edu/wp-content/themes/divi/style-static.min00f2.css]
[www.circle.uchicago.edu/wp-content/themes/divi/core/admin/fonts/modules/all/modulesd41d.eot]
[www.circle.uchicago.edu/wp-content/themes/divi/core/admin/fonts/modules/all/modules.ttf]
[www.circle.uchicago.edu/wp-content/themes/divi/core/admin/fonts/modules/all/modules.woff]
[voices.uchicago.edu/circlehealthcare/files/2020/08/circle-logo.png]
[www.circle.uchicago.edu/wp-content/plugins/jetpack/modules/shortcodes/img/slideshow-controls.png]
[www.circle.uchicago.edu/wp-content/plugins/jetpack/modules/shortcodes/img/slideshow-controls-2x.png]
[www.circle.uchicago.edu/about-us/POST.html]
[www.circle.uchicago.edu/indexdc0d.html]
[www.circle.uchicago.edu/projects/POST.html]
[www.circle.uchicago.edu/projects/isleep/index.html]
[www.circle.uchicago.edu/index5750.html]
[www.circle.uchicago.edu/publications/POST.html]
[login.proxy.uchicago.edu/login7aeb.html]
[www.circle.uchicago.edu/wp-content/themes/divi/includes/builder/feature/dynamic-assets/assets/js/jquery.fitvids892f.js]
[www.circle.uchicago.edu/wp-content/themes/divi/includes/builder/feature/dynamic-assets/assets/js/hashchange892f.js]
[www.circle.uchicago.edu/index2905.html]
[www.circle.uchicago.edu/media/POST.html]
[www.circle.uchicago.edu/wp-json/oembed/1.0/embedc1b0.json]
[www.circle.uchicago.edu/indexca96.html]
[www.circle.uchicago.edu/contact-us/POST.html]
[www.circle.uchicago.edu/index8a7d.html]
[www.circle.uchicago.edu/projects/siesta/POST.html]
[www.circle.uchicago.edu/wp-json/oembed/1.0/embed0818]
[www.circle.uchicago.edu/wp-content/themes/divi/core/admin/fonts/modules/all/modules.svg]
[www.circle.uchicago.edu/wp-content/themes/divi/includes/builder/images/subscribe-loader.html]
[www.circle.uchicago.edu/wp-json/wp/v2/pages/82.json]
[www.circle.uchicago.edu/indexc4f7.html]
[www.circle.uchicago.edu/wp-content/themes/divi/includes/builder/styles/images/preloader.gif]
[www.circle.uchicago.edu/files/2020/08/work-5382501_1920.jpg]
[www.circle.uchicago.edu/wp-content/plugins/jetpack/_inc/build/twitter-timeline.mincce7.js]
[www.circle.uchicago.edu/wp-content/themes/divi/includes/builder/feature/dynamic-assets/assets/js/motion-effects892f.js]
[www.circle.uchicago.edu/wp-content/themes/divi_uc/images/uchicago_shield.svg]
[www.circle.uchicago.edu/wp-content/plugins/jetpack/modules/carousel/images/carousel-spritee4da.png]
[www.circle.uchicago.edu/files/2020/08/cropped-bed_logo-180x180.png]
[www.circle.uchicago.edu/index221f.html]
[www.circle.uchicago.edu/files/2020/12/PNAS-logo.png]
[www.circle.uchicago.edu/wp-content/themes/divi/includes/builder/feature/dynamic-assets/assets/js/jquery.mobile892f.js]
[www.circle.uchicago.edu/files/2020/10/forbes-logo-black-transparent1.png]
[www.circle.uchicago.edu/wp-content/themes/divi/core/admin/fonts/modules/all/modules.eot]
[www.circle.uchicago.edu/wp-json/wp/v2/pages/332.json]
[www.circle.uchicago.edu/projects/isleep/POST]
[www.circle.uchicago.edu/projects/isleep/POST]
